<area shape="rect" id="node3" href="$class_controller.html#5c645dc14d1e539c5df0bcc0a55c86c3" title="Controller::_constructClasses" alt="" coords="123,5,315,33">
<area shape="rect" id="node5" href="$class_view.html#5d46dfb9bc3847d9089c52eb6626a7de" title="View::constructHelpers" alt="" coords="141,55,296,83">
<area shape="rect" id="node12" href="$classdispatcher.html#29f14f2ceec76c78b937a0219d58e658" title="dispatcher::dispatch" alt="" coords="149,106,288,134">
<area shape="rect" id="node14" href="$class_controller.html#2921bc4b7aaee1055eecf75a9e29923f" title="Controller::initViewClass" alt="" coords="137,157,300,185">
<area shape="rect" id="node28" href="$basics_8php.html#3b8935944ea93d35e9b616f8f8ed962c" title="kataAutoloader" alt="" coords="165,207,272,235">
<area shape="rect" id="node30" href="$class_model.html#16b67673e920d05dff4db9b435a3d551" title="Model::setupDbo" alt="" coords="159,283,279,311">
<area shape="rect" id="node7" href="$class_view.html#5e31ff6446e8c027d338d145280b9ca4" title="View::render" alt="" coords="652,30,745,58">
<area shape="rect" id="node9" href="$class_view.html#193a3855aced7b6f47c599ca9ac2f2ae" title="View::renderLayout" alt="" coords="393,55,524,83">
<area shape="rect" id="node16" href="$class_controller.html#f0a74c3a7b1d0b347669da9bf99aea22" title="Controller::renderCachedHtml" alt="" coords="363,106,555,134">
<area shape="rect" id="node18" href="$class_controller.html#b62d5fcc37681da4ef72feb6af4b1ccc" title="Controller::renderView" alt="" coords="385,157,532,185">
<area shape="rect" id="node20" href="$class_controller.html#bc0dc536ab7ac6278218e3ad82641b4c" title="Controller::render" alt="" coords="639,131,759,159">
<area shape="rect" id="node22" href="$class_scaffold_controller.html#86b9dc4074fb3d40f1a37a284f9bc3fb" title="ScaffoldController::index" alt="" coords="848,81,1008,109">
<area shape="rect" id="node24" href="$class_scaffold_controller.html#473241246338cfccc4709ba896749019" title="ScaffoldController::insert" alt="" coords="847,131,1009,159">
<area shape="rect" id="node26" href="$class_scaffold_controller.html#ad4d143afc529a903bb84743fa69eefa" title="ScaffoldController::update" alt="" coords="844,182,1012,210">
<area shape="rect" id="node32" href="$class_model.html#0afca794c3ee242f4dda4bfaef66ea45" title="Model::changeConnection" alt="" coords="373,283,544,311">
<area shape="rect" id="node34" href="$class_model.html#3816d265bfef1d18d727778688b2a53e" title="Model::dbo" alt="" coords="416,385,501,413">
<area shape="rect" id="node36" href="$class_model.html#5ae35888fbd832eeef7b3793c1715187" title="Model::create" alt="" coords="879,587,977,615">
<area shape="rect" id="node38" href="$class_model.html#074998e1626a44c7c380c901d71f437d" title="Model::describe" alt="" coords="643,537,755,565">
<area shape="rect" id="node40" href="$class_model.html#fe17727dd4f641849f47b070f3e9724a" title="Model::escape" alt="" coords="645,587,752,615">
<area shape="rect" id="node42" href="$class_model.html#628300eb8464467d9344c7c59cc8770b" title="Model::getConfig" alt="" coords="640,638,757,666">
<area shape="rect" id="node44" href="$class_model.html#bea978f4dcd47c4289232744d3ed2f01" title="Model::getLink" alt="" coords="645,182,752,210">
<area shape="rect" id="node46" href="$class_model.html#7a333affb97cf092d50f3e59edaa9066" title="Model::getPrefix" alt="" coords="641,233,756,261">
<area shape="rect" id="node48" href="$class_model.html#ab5a8f5a18c184c66f4f05543c6af5c8" title="Model::getWhereStringHelper" alt="" coords="603,283,795,311">
<area shape="rect" id="node50" href="$class_model.html#c0e0745bf8d7566f7e22118e559fceba" title="Model::makeDateTime" alt="" coords="623,334,775,362">
<area shape="rect" id="node52" href="$class_model.html#b8f824a32b3f00dfe99405faa7893836" title="Model::pairs" alt="" coords="653,385,744,413">
<area shape="rect" id="node58" href="$class_model.html#bad8bfcc130c60a011eabc55fb4b46b8" title="Model::query" alt="" coords="651,435,747,463">
<area shape="rect" id="node54" href="$class_model.html#15261e56a8e5782705c8d672eeb1e146" title="Model::replace" alt="" coords="875,385,981,413">
<area shape="rect" id="node56" href="$class_model.html#42ac6cbbb5aace4f8d4adb515189f13e" title="Model::update" alt="" coords="876,334,980,362">
<area shape="rect" id="node60" href="$class_model.html#197431c3435ac36b3b8d4e8cd91f9e0c" title="Model::cachedQuery" alt="" coords="857,435,999,463">
<area shape="rect" id="node63" href="$class_model.html#14d9894235bf9a7534ae387f99042564" title="Model::delete" alt="" coords="879,486,977,514">
<area shape="rect" id="node65" href="$class_model.html#41be0f0d2b22b68d41cf9d51a76f6817" title="Model::read" alt="" coords="884,537,972,565">
