<area shape="rect" id="node3" href="$class_scaffold_controller.html#747a4aa4bd732f0736083f5005b77a93" title="beforeInsert" alt="" coords="127,5,215,33">
<area shape="rect" id="node5" href="$class_controller.html#20ba54a665f5b078fa7b6a82cde35c55" title="Controller::redirect" alt="" coords="107,55,235,83">
<area shape="rect" id="node7" href="$class_controller.html#bc0dc536ab7ac6278218e3ad82641b4c" title="Controller::render" alt="" coords="111,106,231,134">
<area shape="rect" id="node9" href="$class_controller.html#b62d5fcc37681da4ef72feb6af4b1ccc" title="Controller::renderView" alt="" coords="284,106,431,134">
<area shape="rect" id="node11" href="$class_controller.html#4c964c9d60bf1ffa6ff923c46cd14037" title="Controller::afterFilter" alt="" coords="492,55,631,83">
<area shape="rect" id="node13" href="$class_controller.html#d1730a54bce2e5d15c8326d56b9597a9" title="Controller::beforeFilter" alt="" coords="488,106,635,134">
<area shape="rect" id="node15" href="$class_controller.html#2921bc4b7aaee1055eecf75a9e29923f" title="Controller::initViewClass" alt="" coords="480,157,643,185">
<area shape="rect" id="node17" href="$basics_8php.html#b8d9e801861452792cb3baef64a70985" title="kataUse" alt="" coords="691,157,760,185">
