<area shape="rect" id="node3" href="$class_model.html#0afca794c3ee242f4dda4bfaef66ea45" title="changeConnection" alt="" coords="131,184,259,212">
<area shape="rect" id="node5" href="$class_model.html#3816d265bfef1d18d727778688b2a53e" title="dbo" alt="" coords="173,235,216,263">
<area shape="rect" id="node7" href="$class_model.html#5ae35888fbd832eeef7b3793c1715187" title="create" alt="" coords="525,7,581,35">
<area shape="rect" id="node9" href="$class_model.html#074998e1626a44c7c380c901d71f437d" title="describe" alt="" coords="347,159,416,187">
<area shape="rect" id="node11" href="$class_model.html#fe17727dd4f641849f47b070f3e9724a" title="escape" alt="" coords="349,209,413,237">
<area shape="rect" id="node13" href="$class_model.html#628300eb8464467d9344c7c59cc8770b" title="getConfig" alt="" coords="344,260,419,288">
<area shape="rect" id="node15" href="$class_model.html#bea978f4dcd47c4289232744d3ed2f01" title="getLink" alt="" coords="349,311,413,339">
<area shape="rect" id="node17" href="$class_model.html#7a333affb97cf092d50f3e59edaa9066" title="getPrefix" alt="" coords="345,361,417,389">
<area shape="rect" id="node19" href="$class_model.html#ab5a8f5a18c184c66f4f05543c6af5c8" title="getWhereStringHelper" alt="" coords="308,412,455,440">
<area shape="rect" id="node21" href="$class_model.html#c0e0745bf8d7566f7e22118e559fceba" title="makeDateTime" alt="" coords="328,463,435,491">
<area shape="rect" id="node23" href="$class_model.html#b8f824a32b3f00dfe99405faa7893836" title="pairs" alt="" coords="357,57,405,85">
<area shape="rect" id="node29" href="$class_model.html#bad8bfcc130c60a011eabc55fb4b46b8" title="query" alt="" coords="355,108,408,136">
<area shape="rect" id="node25" href="$class_model.html#15261e56a8e5782705c8d672eeb1e146" title="replace" alt="" coords="521,57,585,85">
<area shape="rect" id="node27" href="$class_model.html#42ac6cbbb5aace4f8d4adb515189f13e" title="update" alt="" coords="524,108,583,136">
<area shape="rect" id="node31" href="$class_model.html#197431c3435ac36b3b8d4e8cd91f9e0c" title="cachedQuery" alt="" coords="504,159,603,187">
<area shape="rect" id="node34" href="$class_model.html#14d9894235bf9a7534ae387f99042564" title="delete" alt="" coords="525,209,581,237">
<area shape="rect" id="node36" href="$class_model.html#41be0f0d2b22b68d41cf9d51a76f6817" title="read" alt="" coords="531,260,576,288">
