<area shape="rect" id="node3" href="$class_model.html#b01b08c026b6b4a0485a65ed094f3933" title="getWhereString" alt="" coords="115,5,227,33">
<area shape="rect" id="node5" href="$class_model.html#b8f824a32b3f00dfe99405faa7893836" title="pairs" alt="" coords="147,106,195,134">
<area shape="rect" id="node17" href="$class_model.html#bad8bfcc130c60a011eabc55fb4b46b8" title="query" alt="" coords="144,55,197,83">
<area shape="rect" id="node7" href="$class_model.html#3816d265bfef1d18d727778688b2a53e" title="dbo" alt="" coords="280,55,323,83">
<area shape="rect" id="node15" href="$class_model.html#33e9e275015bbe6428685db57649c7f4" title="quote" alt="" coords="275,106,328,134">
<area shape="rect" id="node9" href="$class_model.html#16b67673e920d05dff4db9b435a3d551" title="setupDbo" alt="" coords="377,55,452,83">
<area shape="rect" id="node11" href="$classclass_registry.html#399426a1db8fdc5ef9c7946ff200bbc5" title="classRegistry::getObject" alt="" coords="503,30,665,58">
<area shape="rect" id="node13" href="$basics_8php.html#b8d9e801861452792cb3baef64a70985" title="kataUse" alt="" coords="549,81,619,109">
